Flow report for simpletest
Fri Oct 20 11:30:46 2006
Version 4.0 Build 214 3/25/2004 Service Pack 1 SJ Full Version


---------------------
; Table of Contents ;
---------------------
  1. Legal Notice
  2. Flow Summary
  3. Flow Settings
  4. Flow Elapsed Time
  5. Flow Log



----------------
; Legal Notice ;
----------------
Copyright (C) 1991-2004 Altera Corporation
Any  megafunction  design,  and related netlist (encrypted  or  decrypted),
support information,  device programming or simulation file,  and any other
associated  documentation or information  provided by  Altera  or a partner
under  Altera's   Megafunction   Partnership   Program  may  be  used  only
to program  PLD  devices (but not masked  PLD  devices) from  Altera.   Any
other  use  of such  megafunction  design,  netlist,  support  information,
device programming or simulation file,  or any other  related documentation
or information  is prohibited  for  any  other purpose,  including, but not
limited to  modification,  reverse engineering,  de-compiling, or use  with
any other  silicon devices,  unless such use is  explicitly  licensed under
a separate agreement with  Altera  or a megafunction partner.  Title to the
intellectual property,  including patents,  copyrights,  trademarks,  trade
secrets,  or maskworks,  embodied in any such megafunction design, netlist,
support  information,  device programming or simulation file,  or any other
related documentation or information provided by  Altera  or a megafunction
partner, remains with Altera, the megafunction partner, or their respective
licensors. No other licenses, including any licenses needed under any third
party's intellectual property, are provided herein.



+---------------------------------------------------------------+
; Flow Summary                                                  ;
+-----------------------+---------------------------------------+
; Flow Status           ; Successful - Fri Oct 20 11:30:46 2006 ;
; Revision Name         ; simpletest                            ;
; Top-level Entity Name ; simpletest                            ;
; Family                ; EXCALIBUR_ARM                         ;
; Device                ; EPXA4F672I2                           ;
; Total logic elements  ; 5,081 / 16,640 ( 30 % )               ;
; Total pins            ; 288 / 463 ( 62 % )                    ;
; Total memory bits     ; 27,264 / 212,992 ( 12 % )             ;
; Total PLLs            ; 2 / 4 ( 50 % )                        ;
+-----------------------+---------------------------------------+


+-----------------------------------------+
; Flow Settings                           ;
+------------------------------------------
; Option            ; Setting             ;
+-------------------+---------------------+
; Start date & time ; 10/20/2006 11:19:33 ;
; Main task         ; Compilation         ;
; Revision Name     ; simpletest          ;
+-------------------+---------------------+


+-------------------------------------+
; Flow Elapsed Time                   ;
+--------------------------------------
; Module Name          ; Elapsed Time ;
+----------------------+--------------+
; Analysis & Synthesis ; 00:02:22     ;
; Fitter               ; 00:08:11     ;
; Assembler            ; 00:00:07     ;
; Timing Analyzer      ; 00:00:15     ;
; EDA Netlist Writer   ; 00:00:10     ;
; Total                ; 00:11:05     ;
+----------------------+--------------+


------------
; Flow Log ;
------------
quartus_map --import_settings_files=on --export_settings_files=off simpletest -c simpletest
quartus_fit --import_settings_files=off --export_settings_files=off simpletest -c simpletest
quartus_asm --import_settings_files=off --export_settings_files=off simpletest -c simpletest
quartus_tan --import_settings_files=off --export_settings_files=off simpletest -c simpletest
quartus_eda --import_settings_files=off --export_settings_files=off simpletest -c simpletest



