--------------------------------------------------------------------------------------
Timing Analyzer Summary
--------------------------------------------------------------------------------------

Type           : Worst-case tsu
Slack          : -2.524 ns
Required Time  : 1.000 ns
Actual Time    : 3.524 ns
From           : OneSPE
To             : hit_counter:inst_hit_counter|OneSPE0

Type           : Worst-case tco
Slack          : -3.635 ns
Required Time  : 1.000 ns
Actual Time    : 4.635 ns
From           : atwd:atwd1|atwd_trigger:inst_atwd_trigger|ATWDTrigger_sig
To             : ATWDTrigger_1

Type           : Worst-case th
Slack          : N/A
Required Time  : None
Actual Time    : -5.599 ns
From           : COM_AD_D[9]
To             : dcom_ap:dcom_ap_inst|DC_Rx_chan_01:inst1|inst7[9]

Type           : Worst-case minimum tco
Slack          : N/A
Required Time  : None
Actual Time    : 1.189 ns
From           : pll2x:inst_pll2x|altclklock:altclklock_component|outclock1
To             : CLKLK_OUT2p

Type           : Clock Setup: 'pll2x:inst_pll2x|altclklock:altclklock_component|outclock1'
Slack          : 4.627 ns
Required Time  : 40.00 MHz ( period = 25.000 ns )
Actual Time    : N/A
From           : slaveregister:slaveregister_inst|command_4_local[1]
To             : atwd:atwd1|atwd_trigger:inst_atwd_trigger|launch_mode[0]

Type           : Clock Setup: 'pll2x:inst_pll2x|altclklock:altclklock_component|outclock0'
Slack          : 9.334 ns
Required Time  : 20.00 MHz ( period = 50.000 ns )
Actual Time    : 31.92 MHz ( period = 31.332 ns )
From           : stripe:stripe_inst|alt_exc_stripe:lpm_instance|alt_exc_upcore:core|core~SLAVEHREADYO0
To             : master_data_source:inst_master_data_source|data[31]

Type           : Clock Setup: 'pll4x:inst_pll4x|altclklock:altclklock_component|outclock1'
Slack          : 10.887 ns
Required Time  : 80.00 MHz ( period = 12.500 ns )
Actual Time    : Restricted to 349.90 MHz ( period = 2.858 ns )
From           : lpm_counter:CNT_rtl_0|alt_synch_counter:wysi_counter|sload_path[0]
To             : lpm_counter:CNT_rtl_0|alt_synch_counter:wysi_counter|sload_path[0]

--------------------------------------------------------------------------------------

