--------------------------------------------------------------------------------------
Timing Analyzer Summary
--------------------------------------------------------------------------------------

Type           : Worst-case tsu
Slack          : -2.295 ns
Required Time  : 1.000 ns
Actual Time    : 3.295 ns
From           : OneSPE
To             : hit_counter:inst_hit_counter|OneSPE0

Type           : Worst-case tco
Slack          : -2.786 ns
Required Time  : 1.000 ns
Actual Time    : 3.786 ns
From           : atwd:atwd0|atwd_trigger:inst_atwd_trigger|ATWDTrigger_sig
To             : ATWDTrigger_0

Type           : Worst-case th
Slack          : N/A
Required Time  : None
Actual Time    : -5.601 ns
From           : COM_AD_D[8]
To             : dcom_ap:dcom_ap_inst|DC_Rx_chan_01:inst1|inst7[8]

Type           : Worst-case minimum tco
Slack          : N/A
Required Time  : None
Actual Time    : 1.189 ns
From           : pll2x:inst_pll2x|altclklock:altclklock_component|outclock1
To             : CLKLK_OUT2p

Type           : Clock Setup: 'pll2x:inst_pll2x|altclklock:altclklock_component|outclock1'
Slack          : 4.225 ns
Required Time  : 40.00 MHz ( period = 25.000 ns )
Actual Time    : N/A
From           : slaveregister:slaveregister_inst|command_4_local[3]
To             : atwd:atwd1|atwd_trigger:inst_atwd_trigger|launch_mode[0]

Type           : Clock Setup: 'pll4x:inst_pll4x|altclklock:altclklock_component|outclock1'
Slack          : 5.515 ns
Required Time  : 80.00 MHz ( period = 12.500 ns )
Actual Time    : 143.16 MHz ( period = 6.985 ns )
From           : atwd:atwd1|atwd_control:inst_atwd_control|cclk
To             : atwd:atwd1|atwd_control:inst_atwd_control|CounterClock~reg0

Type           : Clock Setup: 'pll2x:inst_pll2x|altclklock:altclklock_component|outclock0'
Slack          : 9.114 ns
Required Time  : 20.00 MHz ( period = 50.000 ns )
Actual Time    : N/A
From           : atwd:atwd1|atwd_trigger:inst_atwd_trigger|ATWDTrigger_sig
To             : coinc:inst_coinc|LCATWD_ATWD_B_down_post_cnt[5]

--------------------------------------------------------------------------------------

