Flow report for DCOM_01
Tue Mar 21 12:27:20 2006
Version 5.0 Build 171 11/03/2005 Service Pack 2 SJ Full Version


---------------------
; Table of Contents ;
---------------------
  1. Legal Notice
  2. Flow Summary
  3. Flow Settings
  4. Flow Elapsed Time
  5. Flow Log



----------------
; Legal Notice ;
----------------
Copyright (C) 1991-2005 Altera Corporation
Your use of Altera Corporation's design tools, logic functions 
and other software and tools, and its AMPP partner logic       
functions, and any output files any of the foregoing           
(including device programming or simulation files), and any    
associated documentation or information are expressly subject  
to the terms and conditions of the Altera Program License      
Subscription Agreement, Altera MegaCore Function License       
Agreement, or other applicable license agreement, including,   
without limitation, that your use is for the sole purpose of   
programming logic devices manufactured by Altera and sold by   
Altera or its authorized distributors.  Please refer to the    
applicable agreement for further details.



+-------------------------------------------------------------------------+
; Flow Summary                                                            ;
+-------------------------+-----------------------------------------------+
; Flow Status             ; Flow Failed - Tue Mar 21 12:27:20 2006        ;
; Quartus II Version      ; 5.0 Build 171 11/03/2005 SP 2 SJ Full Version ;
; Revision Name           ; DCOM_01                                       ;
; Top-level Entity Name   ; dcom_ap                                       ;
; Family                  ; Cyclone                                       ;
; Met timing requirements ; N/A                                           ;
; Total logic elements    ; 1,467                                         ;
; Total pins              ; 405                                           ;
; Total virtual pins      ; 0                                             ;
; Total memory bits       ; 640                                           ;
; Total PLLs              ; 0                                             ;
+-------------------------+-----------------------------------------------+


+-----------------------------------------+
; Flow Settings                           ;
+-------------------+---------------------+
; Option            ; Setting             ;
+-------------------+---------------------+
; Start date & time ; 03/21/2006 12:26:37 ;
; Main task         ; Compilation         ;
; Revision Name     ; DCOM_01             ;
+-------------------+---------------------+


+-------------------------------------+
; Flow Elapsed Time                   ;
+----------------------+--------------+
; Module Name          ; Elapsed Time ;
+----------------------+--------------+
; Analysis & Synthesis ; 00:00:41     ;
; Fitter               ; 00:00:01     ;
; Total                ; 00:00:42     ;
+----------------------+--------------+


------------
; Flow Log ;
------------
quartus_map --read_settings_files=on --write_settings_files=off DCOM_01 -c DCOM_01
quartus_fit --read_settings_files=off --write_settings_files=off DCOM_01 -c DCOM_01



