--------------------------------------------------------------------------------------
Timing Analyzer Summary
--------------------------------------------------------------------------------------

Type           : Worst-case tsu
Slack          : N/A
Required Time  : None
Actual Time    : 12.446 ns
From           : COM_AD_D[4]
To             : DC_Rx_chan_ap:DC_Rx_chan_ap|dc_rapcal_lh:inst30|DCTC_FWR:inst7|wfm_ct_clk_en
From Clock     : 
To Clock       : CLK20
Failed Paths   : 0

Type           : Worst-case tco
Slack          : N/A
Required Time  : None
Actual Time    : 19.567 ns
From           : DC_Rx_chan_ap:DC_Rx_chan_ap|Rx_dpr_ctrl_PAR_ap:inst1|dpr_radr[2]
To             : rx_dpr_aff
From Clock     : CLK20
To Clock       : 
Failed Paths   : 0

Type           : Worst-case tpd
Slack          : N/A
Required Time  : None
Actual Time    : 9.930 ns
From           : rx_dpr_radr_stb
To             : msg_rd
From Clock     : 
To Clock       : 
Failed Paths   : 0

Type           : Worst-case th
Slack          : N/A
Required Time  : None
Actual Time    : -2.109 ns
From           : com_thr_d[7]
To             : test_and_tresholds:test_and_tresholds|com_thr[7]
From Clock     : 
To Clock       : CLK20
Failed Paths   : 0

Type           : Clock Setup: 'CLK20'
Slack          : N/A
Required Time  : None
Actual Time    : 104.11 MHz ( period = 9.605 ns )
From           : DC_Rx_chan_ap:DC_Rx_chan_ap|Rx_dpr_ctrl_PAR_ap:inst1|dpr_radr[2]
To             : DC_CTRAP:DC_CTRAP|SND_MRWB
From Clock     : CLK20
To Clock       : CLK20
Failed Paths   : 0

Type           : Total number of failed paths
Slack          : 
Required Time  : 
Actual Time    : 
From           : 
To             : 
From Clock     : 
To Clock       : 
Failed Paths   : 0

--------------------------------------------------------------------------------------

