--------------------------------------------------------------------------------------
Timing Analyzer Summary
--------------------------------------------------------------------------------------

Type           : Worst-case tsu
Slack          : N/A
Required Time  : None
Actual Time    : 17.481 ns
From           : RST
To             : DC_CTRAP:DC_CTRAP|SV11

Type           : Worst-case tco
Slack          : N/A
Required Time  : None
Actual Time    : 20.932 ns
From           : DC_Rx_chan_ap:DC_Rx_chan_ap|Rx_dpr_ctrl_ap:inst24|dpr_radr[3]
To             : rx_dpr_aff

Type           : Worst-case tpd
Slack          : N/A
Required Time  : None
Actual Time    : 12.162 ns
From           : rx_dpr_radr_stb
To             : msg_rd

Type           : Worst-case th
Slack          : N/A
Required Time  : None
Actual Time    : -2.152 ns
From           : COM_AD_D[1]
To             : DC_Rx_chan_ap:DC_Rx_chan_ap|dc_rapcal_lh:inst29|inst10[1]

Type           : Worst-case minimum tco
Slack          : N/A
Required Time  : None
Actual Time    : 6.229 ns
From           : DC_Rx_chan_ap:DC_Rx_chan_ap|inst41[1]
To             : rx_datain[17]

Type           : Worst-case minimum tpd
Slack          : N/A
Required Time  : None
Actual Time    : 6.427 ns
From           : reboot_req
To             : tc[0]

Type           : Clock Setup: 'CLK20'
Slack          : N/A
Required Time  : None
Actual Time    : 64.75 MHz ( period = 15.445 ns )
From           : DC_Rx_chan_ap:DC_Rx_chan_ap|Rx_dpr_ctrl_ap:inst24|dpr_radr[3]
To             : DC_CTRAP:DC_CTRAP|SV9

--------------------------------------------------------------------------------------

