--------------------------------------------------------------------------------------
Timing Analyzer Summary
--------------------------------------------------------------------------------------

Type           : Worst-case tsu
Slack          : N/A
Required Time  : None
Actual Time    : 12.475 ns
From           : tx_dataout[11]
To             : DC_Tx_chan_ap:DC_Tx_chan_ap|tx_uart_ap:inst7|txshr10:53|lpm_shiftreg:lpm_shiftreg_component|dffs[4]

Type           : Worst-case tco
Slack          : N/A
Required Time  : None
Actual Time    : 20.999 ns
From           : DC_Rx_chan_ap:DC_Rx_chan_ap|Rx_dpr_ctrl_ap:inst24|dpr_radr[0]
To             : rx_dpr_aff

Type           : Worst-case tpd
Slack          : N/A
Required Time  : None
Actual Time    : 11.065 ns
From           : rx_dpr_radr_stb
To             : msg_rd

Type           : Worst-case th
Slack          : N/A
Required Time  : None
Actual Time    : -1.817 ns
From           : rx_dpr_radr[3]
To             : DC_Rx_chan_ap:DC_Rx_chan_ap|Rx_dpr_ctrl_ap:inst24|dpr_radr[3]

Type           : Worst-case minimum tco
Slack          : N/A
Required Time  : None
Actual Time    : 6.227 ns
From           : DC_Tx_chan_ap:DC_Tx_chan_ap|inst16[11]
To             : tx_dpr_radr[11]

Type           : Worst-case minimum tpd
Slack          : N/A
Required Time  : None
Actual Time    : 11.065 ns
From           : rx_dpr_radr_stb
To             : msg_rd

Type           : Clock Setup: 'CLK20'
Slack          : N/A
Required Time  : None
Actual Time    : 59.22 MHz ( period = 16.886 ns )
From           : DC_Rx_chan_ap:DC_Rx_chan_ap|mean_val:inst21|add10:141|lpm_add_sub:lpm_add_sub_component|addcore:adder1_0[1]|a_csnbuffer:result_node|sout_node[2]
To             : DC_Rx_chan_ap:DC_Rx_chan_ap|mean_val:inst21|inst2~147

--------------------------------------------------------------------------------------

