--------------------------------------------------------------------------------------
Timing Analyzer Summary
--------------------------------------------------------------------------------------

Type           : Worst-case tsu
Slack          : N/A
Required Time  : None
Actual Time    : 18.526 ns
From           : A_nB
To             : comm_wrapper:inst_comm_wrapper|dcom_ap:inst_dcom_ap|dc_tx_chan_ap:b2v_DC_Tx_chan_ap|tx_uart_ap:inst7|tx_uart_shr10:inst8|lpm_shiftreg:lpm_shiftreg_component|dffs[8]

Type           : Worst-case tco
Slack          : N/A
Required Time  : None
Actual Time    : 14.863 ns
From           : comm_wrapper:inst_comm_wrapper|dcom_ap:inst_dcom_ap|dc_tx_chan_ap:b2v_DC_Tx_chan_ap|tx_uart_ap:inst7|tx_uart_shr10:inst8|lpm_shiftreg:lpm_shiftreg_component|dffs[0]
To             : COM_DB[12]

Type           : Worst-case th
Slack          : N/A
Required Time  : None
Actual Time    : -6.876 ns
From           : FLASH_AD_D[9]
To             : daq:inst_daq|FADC_input:inst_FADC_input|FADC_D[7]~reg0

Type           : Worst-case minimum tco
Slack          : N/A
Required Time  : None
Actual Time    : 1.189 ns
From           : pll2x:inst_pll2x|altclklock:altclklock_component|outclock1
To             : CLKLK_OUT2p

Type           : Clock Setup: 'pll2x:inst_pll2x|altclklock:altclklock_component|outclock1'
Slack          : 6.437 ns
Required Time  : 40.00 MHz ( period = 25.000 ns )
Actual Time    : 82.47 MHz ( period = 12.126 ns )
From           : daq:inst_daq|pingpong:ping|ADC_input:inst_ADC_input|FADC_interface:inst_FADC_interface|FADC_we~reg0
To             : daq:inst_daq|pingpong:ping|data_buffer:inst_data_buffer|FADC_buffer:inst_FADC_buffer_odd|altdpram:altdpram_component|q[2]~reg_we

Type           : Clock Setup: 'pll4x:inst_pll4x|altclklock:altclklock_component|outclock1'
Slack          : 7.036 ns
Required Time  : 80.00 MHz ( period = 12.500 ns )
Actual Time    : N/A
From           : ROC:inst_ROC|RST~reg0
To             : daq:inst_daq|pingpong:pong|ADC_input:inst_ADC_input|ATWD_interface:inst_ATWD_interface|ATWD_control:inst_ATWD_control|counter_clock_cclk

Type           : Clock Setup: 'pll2x:inst_pll2x|altclklock:altclklock_component|outclock0'
Slack          : 15.549 ns
Required Time  : 20.00 MHz ( period = 50.000 ns )
Actual Time    : N/A
From           : daq:inst_daq|pingpong:ping|data_buffer:inst_data_buffer|ATWD_buffer:inst_ATWD_buffer_odd|altdpram:altdpram_component|q[5]~reg_ra8
To             : daq:inst_daq|ahb_master:inst_ahb_master|slavehwdata[21]~reg0

--------------------------------------------------------------------------------------

