--------------------------------------------------------------------------------------
Timing Analyzer Summary
--------------------------------------------------------------------------------------

Type           : Worst-case tsu
Slack          : N/A
Required Time  : None
Actual Time    : 19.870 ns
From           : COM_AD_D[4]
To             : comm_wrapper:inst_comm_wrapper|dcom_ap:inst_dcom_ap|DC_Rx_chan_ap:inst1|dc_rapcal_lh:inst30|DCTC_FWR:inst7|tcwf_wrreq~reg

Type           : Worst-case tco
Slack          : N/A
Required Time  : None
Actual Time    : 15.553 ns
From           : comm_wrapper:inst_comm_wrapper|dcom_ap:inst_dcom_ap|DC_Tx_chan_ap:inst4|tx_uart_ap:inst7|tx_uart_shr10_sclr:inst1|lpm_shiftreg:lpm_shiftreg_component|dffs[0]
To             : COM_DB[7]

Type           : Worst-case th
Slack          : N/A
Required Time  : None
Actual Time    : -6.742 ns
From           : ATWD0_D[9]
To             : daq:inst_daq|pingpong:ping|ADC_input:inst_ADC_input|ATWD_interface:inst_ATWD_interface|ATWD_control:inst_ATWD_control|ATWD_D_gray[9]~reg0

Type           : Worst-case minimum tco
Slack          : N/A
Required Time  : None
Actual Time    : 1.189 ns
From           : pll2x:inst_pll2x|altclklock:altclklock_component|outclock1
To             : CLKLK_OUT2p

Type           : Clock Setup: 'pll2x:inst_pll2x|altclklock:altclklock_component|outclock1'
Slack          : 4.077 ns
Required Time  : 40.00 MHz ( period = 25.000 ns )
Actual Time    : 59.36 MHz ( period = 16.846 ns )
From           : daq:inst_daq|pingpong:pong|ADC_input:inst_ADC_input|FADC_interface:inst_FADC_interface|FADC_we~reg0
To             : daq:inst_daq|pingpong:pong|data_buffer:inst_data_buffer|FADC_buffer:inst_FADC_buffer_even|altdpram:altdpram_component|q[0]~reg_we

Type           : Clock Setup: 'pll4x:inst_pll4x|altclklock:altclklock_component|outclock1'
Slack          : 4.495 ns
Required Time  : 80.00 MHz ( period = 12.500 ns )
Actual Time    : N/A
From           : stripe:stripe_inst|alt_exc_stripe:lpm_instance|alt_exc_upcore:core|core~SLAVEHRESP1
To             : PGM[11]~reg0

Type           : Clock Setup: 'pll2x:inst_pll2x|altclklock:altclklock_component|outclock0'
Slack          : 8.062 ns
Required Time  : 20.00 MHz ( period = 50.000 ns )
Actual Time    : N/A
From           : daq:inst_daq|pingpong:ping|ADC_input:inst_ADC_input|FADC_interface:inst_FADC_interface|FADC_we~reg0
To             : slaveregister:inst_slaveregister|reg_rdata[1]

--------------------------------------------------------------------------------------

