--------------------------------------------------------------------------------------
Timing Analyzer Summary
--------------------------------------------------------------------------------------

Type           : Worst-case tsu
Slack          : N/A
Required Time  : None
Actual Time    : 16.971 ns
From           : COM_AD_D[0]
To             : dcom_ap:dcom_ap_inst|DC_Rx_chan_ap:DC_Rx_chan_ap|dc_rapcal_lh:inst30|DCTC_FWR:inst7|tcwf_wrreq~reg

Type           : Worst-case tco
Slack          : N/A
Required Time  : None
Actual Time    : 20.340 ns
From           : dcom_ap:dcom_ap_inst|DC_Tx_chan_ap:DC_Tx_chan_ap|tx_uart_ap:inst7|tx_uart_shr10:inst8|lpm_shiftreg:lpm_shiftreg_component|dffs[0]
To             : COM_DB[12]

Type           : Worst-case th
Slack          : 11.649 ns
Required Time  : 5.000 ns
Actual Time    : -6.649 ns
From           : COINC_DOWN_A
To             : cal_local_coincidence:inst_cal_local_coincidence|lc_wave_down_pos[0]

Type           : Worst-case minimum tco
Slack          : N/A
Required Time  : None
Actual Time    : 1.189 ns
From           : pll2x:inst_pll2x|altclklock:altclklock_component|outclock1
To             : CLKLK_OUT2p

Type           : Clock Setup: 'pll4x:inst_pll4x|altclklock:altclklock_component|outclock1'
Slack          : 7.581 ns
Required Time  : 80.00 MHz ( period = 12.500 ns )
Actual Time    : 203.29 MHz ( period = 4.919 ns )
From           : cal_local_coincidence:inst_cal_local_coincidence|lc_wave_up_pos[5]
To             : cal_local_coincidence:inst_cal_local_coincidence|lc_wave_up_pos[6]

Type           : Clock Setup: 'pll2x:inst_pll2x|altclklock:altclklock_component|outclock1'
Slack          : 14.385 ns
Required Time  : 40.00 MHz ( period = 25.000 ns )
Actual Time    : 94.21 MHz ( period = 10.615 ns )
From           : timer:timer_inst|lpm_counter:systime_cnt_rtl_1|alt_synch_counter:wysi_counter|sload_path[2]
To             : timer:timer_inst|lpm_counter:systime_cnt_rtl_1|alt_synch_counter:wysi_counter|sload_path[47]

Type           : Clock Setup: 'pll2x:inst_pll2x|altclklock:altclklock_component|outclock0'
Slack          : 18.628 ns
Required Time  : 20.00 MHz ( period = 50.000 ns )
Actual Time    : N/A
From           : timer:timer_inst|lpm_counter:systime_cnt_rtl_1|alt_synch_counter:wysi_counter|sload_path[39]
To             : slaveregister:slaveregister_inst|reg_rdata[7]~reg0

--------------------------------------------------------------------------------------

