--------------------------------------------------------------------------------------
Timing Analyzer Summary
--------------------------------------------------------------------------------------

Type           : Worst-case tsu
Slack          : N/A
Required Time  : None
Actual Time    : 18.678 ns
From           : COM_AD_D[3]
To             : dcom_ap:dcom_ap_inst|DC_Rx_chan_ap:DC_Rx_chan_ap|dc_rapcal_lh:inst29|DCTC_FWR:inst2|tcwf_wrreq~reg

Type           : Worst-case tco
Slack          : N/A
Required Time  : None
Actual Time    : 9.123 ns
From           : dcom_ap:dcom_ap_inst|DC_Tx_chan_ap:DC_Tx_chan_ap|inst23[6]
To             : COM_DB[8]

Type           : Worst-case th
Slack          : N/A
Required Time  : None
Actual Time    : -9.576 ns
From           : COM_AD_D[8]
To             : dcom_ap:dcom_ap_inst|DC_Rx_chan_ap:DC_Rx_chan_ap|dc_rapcal_lh:inst29|TCWF_64x10:inst11|scfifo:scfifo_component|scfifo_mcj:auto_generated|a_dpfifo_4dj:dpfifo|altdpram:FIFOram|q[8]~reg_in

Type           : Worst-case minimum tco
Slack          : N/A
Required Time  : None
Actual Time    : 1.189 ns
From           : pll2x:inst_pll2x|altclklock:altclklock_component|outclock1
To             : CLKLK_OUT2p

Type           : Clock Setup: 'pll2x:inst_pll2x|altclklock:altclklock_component|outclock1'
Slack          : 14.231 ns
Required Time  : 40.00 MHz ( period = 25.000 ns )
Actual Time    : 92.86 MHz ( period = 10.769 ns )
From           : timer:timer_inst|lpm_counter:systime_cnt_rtl_0|alt_synch_counter:wysi_counter|sload_path[1]
To             : timer:timer_inst|lpm_counter:systime_cnt_rtl_0|alt_synch_counter:wysi_counter|sload_path[47]

Type           : Clock Setup: 'pll2x:inst_pll2x|altclklock:altclklock_component|outclock0'
Slack          : 19.692 ns
Required Time  : 20.00 MHz ( period = 50.000 ns )
Actual Time    : 94.20 MHz ( period = 10.616 ns )
From           : dcom_ap:dcom_ap_inst|DC_Rx_chan_ap:DC_Rx_chan_ap|mean_val:inst21|add10:140|lpm_add_sub:lpm_add_sub_component|addcore:adder1_0[1]|a_csnbuffer:result_node|sout_node[2]
To             : dcom_ap:dcom_ap_inst|DC_Rx_chan_ap:DC_Rx_chan_ap|mean_val:inst21|mux4x10:137|lpm_mux:lpm_mux_component|altshift:external_latency_ffs|points[0][9]

--------------------------------------------------------------------------------------

